2026-08-05 19:36:28.067 | INFO     | __main__:mujoco_main:666 - Saving outputs to: dissertation_logs/diss_script_refac/MAPElites_MEDIUM_MAZE_hex/2026-08-05_19-36-28_seed-None_5515
2026-08-05 19:36:28.068 | INFO     | __main__:run_search:292 - > Starting search.

2026-08-05 19:36:41.557 | INFO     | __main__:run_search:427 - > 1 itrs completed after 13.49 s
  - Max Score: -11.682072120742882
  - Archive Size: 4
  - QD Score: -46.72828848297153
  - Goal Reached Count: 0
  - Archive Dims: [28 28]
  - Alg Time: 0.61 s
  - Sim Time: 12.88 s
  - RAM Usage: 0.7622299194335938 GB
2026-08-05 19:37:28.266 | INFO     | __main__:run_search:427 - > 5 itrs completed after 60.20 s
  - Max Score: -11.275223575561713
  - Archive Size: 16
  - QD Score: -180.4035772089874
  - Goal Reached Count: 0
  - Archive Dims: [28 28]
  - Alg Time: 0.61 s
  - Sim Time: 59.59 s
  - RAM Usage: 0.7653579711914062 GB
2026-08-05 19:38:38.052 | INFO     | __main__:run_search:427 - > 10 itrs completed after 129.98 s
  - Max Score: -10.863853922013265
  - Archive Size: 29
  - QD Score: -315.0517637383847
  - Goal Reached Count: 0
  - Archive Dims: [28 28]
  - Alg Time: 0.61 s
  - Sim Time: 129.37 s
  - RAM Usage: 0.7658958435058594 GB
2026-08-05 19:39:50.523 | INFO     | __main__:run_search:427 - > 15 itrs completed after 202.45 s
  - Max Score: -10.461406994086522
  - Archive Size: 36
  - QD Score: -376.61065178711476
  - Goal Reached Count: 0
  - Archive Dims: [28 28]
  - Alg Time: 0.61 s
  - Sim Time: 201.84 s
  - RAM Usage: 0.7664222717285156 GB
2026-08-05 19:40:59.443 | INFO     | __main__:run_search:427 - > 20 itrs completed after 271.38 s
  - Max Score: -10.313998717088523
  - Archive Size: 43
  - QD Score: -443.5019448348065
  - Goal Reached Count: 0
  - Archive Dims: [28 28]
  - Alg Time: 0.62 s
  - Sim Time: 270.75 s
  - RAM Usage: 0.7664566040039062 GB
2026-08-05 19:42:14.360 | INFO     | __main__:run_search:427 - > 25 itrs completed after 346.29 s
  - Max Score: -10.258587993834611
  - Archive Size: 49
  - QD Score: -502.67081169789594
  - Goal Reached Count: 0
  - Archive Dims: [28 28]
  - Alg Time: 0.62 s
  - Sim Time: 345.67 s
  - RAM Usage: 0.7665481567382812 GB
2026-08-05 19:43:25.716 | INFO     | __main__:run_search:427 - > 30 itrs completed after 417.65 s
  - Max Score: -10.364260348092632
  - Archive Size: 56
  - QD Score: -580.3985794931874
  - Goal Reached Count: 0
  - Archive Dims: [28 28]
  - Alg Time: 0.62 s
  - Sim Time: 417.02 s
  - RAM Usage: 0.76654052734375 GB
2026-08-05 19:44:28.099 | INFO     | __main__:run_search:427 - > 35 itrs completed after 480.03 s
  - Max Score: -10.386525160463764
  - Archive Size: 61
  - QD Score: -633.5780347882896
  - Goal Reached Count: 0
  - Archive Dims: [28 28]
  - Alg Time: 0.63 s
  - Sim Time: 479.40 s
  - RAM Usage: 0.7665748596191406 GB
2026-08-05 19:45:39.915 | INFO     | __main__:run_search:427 - > 40 itrs completed after 551.85 s
  - Max Score: -10.477600160145595
  - Archive Size: 66
  - QD Score: -691.5216105696093
  - Goal Reached Count: 0
  - Archive Dims: [28 28]
  - Alg Time: 0.63 s
  - Sim Time: 551.21 s
  - RAM Usage: 0.7666053771972656 GB
2026-08-05 19:46:45.891 | INFO     | __main__:run_search:427 - > 45 itrs completed after 617.82 s
  - Max Score: -10.463491847060265
  - Archive Size: 68
  - QD Score: -711.517445600098
  - Goal Reached Count: 0
  - Archive Dims: [28 28]
  - Alg Time: 0.63 s
  - Sim Time: 617.18 s
  - RAM Usage: 0.766632080078125 GB
2026-08-05 19:47:51.005 | INFO     | __main__:run_search:427 - > 50 itrs completed after 682.94 s
  - Max Score: -10.473264642932548
  - Archive Size: 74
  - QD Score: -775.0215835770085
  - Goal Reached Count: 0
  - Archive Dims: [28 28]
  - Alg Time: 0.63 s
  - Sim Time: 682.29 s
  - RAM Usage: 0.7666587829589844 GB
2026-08-05 19:49:00.179 | INFO     | __main__:run_search:427 - > 55 itrs completed after 752.11 s
  - Max Score: -10.406516789720571
  - Archive Size: 76
  - QD Score: -790.8952760187634
  - Goal Reached Count: 0
  - Archive Dims: [28 28]
  - Alg Time: 0.64 s
  - Sim Time: 751.46 s
  - RAM Usage: 0.7667083740234375 GB
2026-08-05 19:50:11.819 | INFO     | __main__:run_search:427 - > 60 itrs completed after 823.75 s
  - Max Score: -10.50663015984093
  - Archive Size: 79
  - QD Score: -830.0237826274334
  - Goal Reached Count: 0
  - Archive Dims: [28 28]
  - Alg Time: 0.64 s
  - Sim Time: 823.10 s
  - RAM Usage: 0.7667694091796875 GB
2026-08-05 19:51:15.878 | INFO     | __main__:run_search:427 - > 65 itrs completed after 887.81 s
  - Max Score: -10.44871814975068
  - Archive Size: 82
  - QD Score: -856.7948882795558
  - Goal Reached Count: 0
  - Archive Dims: [28 28]
  - Alg Time: 0.64 s
  - Sim Time: 887.15 s
  - RAM Usage: 0.7667236328125 GB
2026-08-05 19:52:23.623 | INFO     | __main__:run_search:427 - > 70 itrs completed after 955.56 s
  - Max Score: -10.461996018257768
  - Archive Size: 85
  - QD Score: -889.2696615519102
  - Goal Reached Count: 0
  - Archive Dims: [28 28]
  - Alg Time: 0.65 s
  - Sim Time: 954.90 s
  - RAM Usage: 0.7667655944824219 GB
2026-08-05 19:53:35.413 | INFO     | __main__:run_search:427 - > 75 itrs completed after 1027.34 s
  - Max Score: -10.509571564663172
  - Archive Size: 86
  - QD Score: -903.8231545610328
  - Goal Reached Count: 0
  - Archive Dims: [28 28]
  - Alg Time: 0.65 s
  - Sim Time: 1026.68 s
  - RAM Usage: 0.7667961120605469 GB
2026-08-05 19:54:44.451 | INFO     | __main__:run_search:427 - > 80 itrs completed after 1096.38 s
  - Max Score: -10.492544336333708
  - Archive Size: 89
  - QD Score: -933.8364459337
  - Goal Reached Count: 0
  - Archive Dims: [28 28]
  - Alg Time: 0.65 s
  - Sim Time: 1095.72 s
  - RAM Usage: 0.7667655944824219 GB
2026-08-05 19:55:53.735 | INFO     | __main__:run_search:427 - > 85 itrs completed after 1165.67 s
  - Max Score: -10.45250147351077
  - Archive Size: 90
  - QD Score: -940.7251326159693
  - Goal Reached Count: 0
  - Archive Dims: [28 28]
  - Alg Time: 0.65 s
  - Sim Time: 1165.00 s
  - RAM Usage: 0.7668113708496094 GB
2026-08-05 19:56:59.302 | INFO     | __main__:run_search:427 - > 90 itrs completed after 1231.23 s
  - Max Score: -10.430626620377712
  - Archive Size: 92
  - QD Score: -959.6176490747496
  - Goal Reached Count: 0
  - Archive Dims: [28 28]
  - Alg Time: 0.66 s
  - Sim Time: 1230.56 s
  - RAM Usage: 0.7668685913085938 GB
2026-08-05 19:58:02.633 | INFO     | __main__:run_search:427 - > 95 itrs completed after 1294.56 s
  - Max Score: -10.342049272510216
  - Archive Size: 95
  - QD Score: -982.4946808884705
  - Goal Reached Count: 0
  - Archive Dims: [28 28]
  - Alg Time: 0.66 s
  - Sim Time: 1293.89 s
  - RAM Usage: 0.7668418884277344 GB
2026-08-05 19:59:04.694 | INFO     | __main__:run_search:427 - > 100 itrs completed after 1356.63 s
  - Max Score: -10.298145637793635
  - Archive Size: 99
  - QD Score: -1019.5164181415698
  - Goal Reached Count: 0
  - Archive Dims: [28 28]
  - Alg Time: 0.66 s
  - Sim Time: 1355.94 s
  - RAM Usage: 0.7668685913085938 GB
2026-08-05 20:00:07.988 | INFO     | __main__:run_search:427 - > 105 itrs completed after 1419.92 s
  - Max Score: -10.294161219654725
  - Archive Size: 99
  - QD Score: -1019.1219607458178
  - Goal Reached Count: 0
  - Archive Dims: [28 28]
  - Alg Time: 0.66 s
  - Sim Time: 1419.23 s
  - RAM Usage: 0.7668571472167969 GB
2026-08-05 20:01:16.609 | INFO     | __main__:run_search:427 - > 110 itrs completed after 1488.54 s
  - Max Score: -10.292217682044848
  - Archive Size: 99
  - QD Score: -1018.92955052244
  - Goal Reached Count: 0
  - Archive Dims: [28 28]
  - Alg Time: 0.67 s
  - Sim Time: 1487.85 s
  - RAM Usage: 0.7669143676757812 GB
2026-08-05 20:02:22.078 | INFO     | __main__:run_search:427 - > 115 itrs completed after 1554.01 s
  - Max Score: -10.415499153744474
  - Archive Size: 103
  - QD Score: -1072.7964128356807
  - Goal Reached Count: 0
  - Archive Dims: [28 28]
  - Alg Time: 0.67 s
  - Sim Time: 1553.32 s
  - RAM Usage: 0.7667961120605469 GB
2026-08-05 20:03:30.534 | INFO     | __main__:run_search:427 - > 120 itrs completed after 1622.47 s
  - Max Score: -10.368916379157291
  - Archive Size: 105
  - QD Score: -1088.7362198115156
  - Goal Reached Count: 0
  - Archive Dims: [28 28]
  - Alg Time: 0.67 s
  - Sim Time: 1621.77 s
  - RAM Usage: 0.7668533325195312 GB
2026-08-05 20:04:41.565 | INFO     | __main__:run_search:427 - > 125 itrs completed after 1693.50 s
  - Max Score: -10.251304456581302
  - Archive Size: 107
  - QD Score: -1096.8895768541993
  - Goal Reached Count: 1
  - Archive Dims: [28 28]
  - Alg Time: 0.68 s
  - Sim Time: 1692.80 s
  - RAM Usage: 0.7668724060058594 GB
2026-08-05 20:05:52.632 | INFO     | __main__:run_search:427 - > 130 itrs completed after 1764.56 s
  - Max Score: -10.2392941102982
  - Archive Size: 109
  - QD Score: -1116.0830580225038
  - Goal Reached Count: 1
  - Archive Dims: [28 28]
  - Alg Time: 0.68 s
  - Sim Time: 1763.86 s
  - RAM Usage: 0.7668266296386719 GB
2026-08-05 20:07:01.261 | INFO     | __main__:run_search:427 - > 135 itrs completed after 1833.19 s
  - Max Score: -10.255241000207622
  - Archive Size: 110
  - QD Score: -1128.0765100228384
  - Goal Reached Count: 1
  - Archive Dims: [28 28]
  - Alg Time: 0.68 s
  - Sim Time: 1832.49 s
  - RAM Usage: 0.7669410705566406 GB
2026-08-05 20:08:12.872 | INFO     | __main__:run_search:427 - > 140 itrs completed after 1904.80 s
  - Max Score: -10.314345114924457
  - Archive Size: 113
  - QD Score: -1165.5209979864637
  - Goal Reached Count: 1
  - Archive Dims: [28 28]
  - Alg Time: 0.68 s
  - Sim Time: 1904.09 s
  - RAM Usage: 0.7668991088867188 GB
2026-08-05 20:09:19.715 | INFO     | __main__:run_search:427 - > 145 itrs completed after 1971.65 s
  - Max Score: -10.44977362522347
  - Archive Size: 119
  - QD Score: -1243.523061401593
  - Goal Reached Count: 1
  - Archive Dims: [28 28]
  - Alg Time: 0.69 s
  - Sim Time: 1970.93 s
  - RAM Usage: 0.7669029235839844 GB
2026-08-05 20:10:32.229 | INFO     | __main__:run_search:427 - > 150 itrs completed after 2044.16 s
  - Max Score: -10.405877223641355
  - Archive Size: 121
  - QD Score: -1259.111144060604
  - Goal Reached Count: 2
  - Archive Dims: [28 28]
  - Alg Time: 0.69 s
  - Sim Time: 2043.44 s
  - RAM Usage: 0.7668838500976562 GB
2026-08-05 20:11:42.869 | INFO     | __main__:run_search:427 - > 155 itrs completed after 2114.80 s
  - Max Score: -10.510921309254538
  - Archive Size: 124
  - QD Score: -1303.3542423475628
  - Goal Reached Count: 2
  - Archive Dims: [28 28]
  - Alg Time: 0.69 s
  - Sim Time: 2114.08 s
  - RAM Usage: 0.7668991088867188 GB
2026-08-05 20:12:48.311 | INFO     | __main__:run_search:427 - > 160 itrs completed after 2180.24 s
  - Max Score: -10.535799661760317
  - Archive Size: 128
  - QD Score: -1348.5823567053205
  - Goal Reached Count: 2
  - Archive Dims: [28 28]
  - Alg Time: 0.70 s
  - Sim Time: 2179.52 s
  - RAM Usage: 0.7669563293457031 GB
2026-08-05 20:13:58.601 | INFO     | __main__:run_search:427 - > 165 itrs completed after 2250.53 s
  - Max Score: -10.466514241454005
  - Archive Size: 132
  - QD Score: -1381.5798798719286
  - Goal Reached Count: 2
  - Archive Dims: [28 28]
  - Alg Time: 0.70 s
  - Sim Time: 2249.80 s
  - RAM Usage: 0.7669486999511719 GB
2026-08-05 20:15:02.462 | INFO     | __main__:run_search:427 - > 170 itrs completed after 2314.39 s
  - Max Score: -10.465861126656762
  - Archive Size: 133
  - QD Score: -1391.9595298453494
  - Goal Reached Count: 2
  - Archive Dims: [28 28]
  - Alg Time: 0.70 s
  - Sim Time: 2313.66 s
  - RAM Usage: 0.766937255859375 GB
2026-08-05 20:16:13.865 | INFO     | __main__:run_search:427 - > 175 itrs completed after 2385.80 s
  - Max Score: -10.471650633270482
  - Archive Size: 136
  - QD Score: -1424.1444861247855
  - Goal Reached Count: 2
  - Archive Dims: [28 28]
  - Alg Time: 0.70 s
  - Sim Time: 2385.06 s
  - RAM Usage: 0.7668914794921875 GB
2026-08-05 20:17:25.199 | INFO     | __main__:run_search:427 - > 180 itrs completed after 2457.13 s
  - Max Score: -10.445535670209015
  - Archive Size: 137
  - QD Score: -1431.038386818635
  - Goal Reached Count: 2
  - Archive Dims: [28 28]
  - Alg Time: 0.71 s
  - Sim Time: 2456.39 s
  - RAM Usage: 0.7669525146484375 GB
2026-08-05 20:18:24.625 | INFO     | __main__:run_search:427 - > 185 itrs completed after 2516.56 s
  - Max Score: -10.533954209558246
  - Archive Size: 142
  - QD Score: -1495.821497757271
  - Goal Reached Count: 2
  - Archive Dims: [28 28]
  - Alg Time: 0.71 s
  - Sim Time: 2515.81 s
  - RAM Usage: 0.7669219970703125 GB
2026-08-05 20:19:32.361 | INFO     | __main__:run_search:427 - > 190 itrs completed after 2584.29 s
  - Max Score: -10.479859498605034
  - Archive Size: 145
  - QD Score: -1519.57962729773
  - Goal Reached Count: 2
  - Archive Dims: [28 28]
  - Alg Time: 0.71 s
  - Sim Time: 2583.54 s
  - RAM Usage: 0.766998291015625 GB
2026-08-05 20:20:46.250 | INFO     | __main__:run_search:427 - > 195 itrs completed after 2658.18 s
  - Max Score: -10.479859498605034
  - Archive Size: 145
  - QD Score: -1519.57962729773
  - Goal Reached Count: 2
  - Archive Dims: [28 28]
  - Alg Time: 0.71 s
  - Sim Time: 2657.43 s
  - RAM Usage: 0.7669677734375 GB
2026-08-05 20:21:59.838 | INFO     | __main__:run_search:427 - > 200 itrs completed after 2731.77 s
  - Max Score: -10.427246593581117
  - Archive Size: 147
  - QD Score: -1532.805249256424
  - Goal Reached Count: 2
  - Archive Dims: [28 28]
  - Alg Time: 0.72 s
  - Sim Time: 2731.01 s
  - RAM Usage: 0.7669868469238281 GB
2026-08-05 20:23:11.992 | INFO     | __main__:run_search:427 - > 205 itrs completed after 2803.92 s
  - Max Score: -10.429286720601134
  - Archive Size: 149
  - QD Score: -1553.963721369569
  - Goal Reached Count: 2
  - Archive Dims: [28 28]
  - Alg Time: 0.72 s
  - Sim Time: 2803.16 s
  - RAM Usage: 0.7670402526855469 GB
2026-08-05 20:24:20.783 | INFO     | __main__:run_search:427 - > 210 itrs completed after 2872.72 s
  - Max Score: -10.451915737062258
  - Archive Size: 151
  - QD Score: -1578.239276296401
  - Goal Reached Count: 2
  - Archive Dims: [28 28]
  - Alg Time: 0.72 s
  - Sim Time: 2871.95 s
  - RAM Usage: 0.7670783996582031 GB
2026-08-05 20:25:24.997 | INFO     | __main__:run_search:427 - > 215 itrs completed after 2936.93 s
  - Max Score: -10.449819197572548
  - Archive Size: 151
  - QD Score: -1577.922698833455
  - Goal Reached Count: 2
  - Archive Dims: [28 28]
  - Alg Time: 0.72 s
  - Sim Time: 2936.16 s
  - RAM Usage: 0.7670822143554688 GB
2026-08-05 20:26:39.224 | INFO     | __main__:run_search:427 - > 220 itrs completed after 3011.16 s
  - Max Score: -10.46285185800031
  - Archive Size: 152
  - QD Score: -1590.353482416047
  - Goal Reached Count: 2
  - Archive Dims: [28 28]
  - Alg Time: 0.72 s
  - Sim Time: 3010.39 s
  - RAM Usage: 0.7670631408691406 GB
2026-08-05 20:27:50.386 | INFO     | __main__:run_search:427 - > 225 itrs completed after 3082.32 s
  - Max Score: -10.495908014888109
  - Archive Size: 155
  - QD Score: -1626.8657423076568
  - Goal Reached Count: 2
  - Archive Dims: [28 28]
  - Alg Time: 0.73 s
  - Sim Time: 3081.54 s
  - RAM Usage: 0.7670783996582031 GB
2026-08-05 20:28:55.027 | INFO     | __main__:run_search:427 - > 230 itrs completed after 3146.96 s
  - Max Score: -10.521505509163
  - Archive Size: 156
  - QD Score: -1641.354859429428
  - Goal Reached Count: 2
  - Archive Dims: [28 28]
  - Alg Time: 0.73 s
  - Sim Time: 3146.18 s
  - RAM Usage: 0.7670974731445312 GB
2026-08-05 20:30:05.565 | INFO     | __main__:run_search:427 - > 235 itrs completed after 3217.50 s
  - Max Score: -10.504665439290912
  - Archive Size: 157
  - QD Score: -1649.2324739686733
  - Goal Reached Count: 2
  - Archive Dims: [28 28]
  - Alg Time: 0.73 s
  - Sim Time: 3216.72 s
  - RAM Usage: 0.7670936584472656 GB
2026-08-05 20:31:19.309 | INFO     | __main__:run_search:427 - > 240 itrs completed after 3291.24 s
  - Max Score: -10.469147757249006
  - Archive Size: 159
  - QD Score: -1664.594493402592
  - Goal Reached Count: 2
  - Archive Dims: [28 28]
  - Alg Time: 0.73 s
  - Sim Time: 3290.46 s
  - RAM Usage: 0.7671661376953125 GB
2026-08-05 20:32:26.676 | INFO     | __main__:run_search:427 - > 245 itrs completed after 3358.61 s
  - Max Score: -10.447689179595688
  - Archive Size: 160
  - QD Score: -1671.6302687353102
  - Goal Reached Count: 2
  - Archive Dims: [28 28]
  - Alg Time: 0.74 s
  - Sim Time: 3357.82 s
  - RAM Usage: 0.7670478820800781 GB
2026-08-05 20:33:36.889 | INFO     | __main__:run_search:427 - > 250 itrs completed after 3428.82 s
  - Max Score: -10.461873820883044
  - Archive Size: 161
  - QD Score: -1684.36168516217
  - Goal Reached Count: 2
  - Archive Dims: [28 28]
  - Alg Time: 0.74 s
  - Sim Time: 3428.03 s
  - RAM Usage: 0.7670631408691406 GB
2026-08-05 20:34:48.307 | INFO     | __main__:run_search:427 - > 255 itrs completed after 3500.24 s
  - Max Score: -10.393660916392793
  - Archive Size: 163
  - QD Score: -1694.1667293720252
  - Goal Reached Count: 2
  - Archive Dims: [28 28]
  - Alg Time: 0.74 s
  - Sim Time: 3499.44 s
  - RAM Usage: 0.7671775817871094 GB
2026-08-05 20:35:55.515 | INFO     | __main__:run_search:427 - > 260 itrs completed after 3567.45 s
  - Max Score: -10.39628202607823
  - Archive Size: 164
  - QD Score: -1704.9902522768298
  - Goal Reached Count: 2
  - Archive Dims: [28 28]
  - Alg Time: 0.75 s
  - Sim Time: 3566.65 s
  - RAM Usage: 0.7671279907226562 GB
2026-08-05 20:36:34.663 | INFO     | __main__:run_search:427 - > 263 itrs completed after 3606.60 s
  - Max Score: -10.353843945036036
  - Archive Size: 166
  - QD Score: -1718.738094875982
  - Goal Reached Count: 2
  - Archive Dims: [28 28]
  - Alg Time: 0.75 s
  - Sim Time: 3605.79 s
  - RAM Usage: 0.7671470642089844 GB
