2026-08-02 15:38:57.667 | INFO     | __main__:mujoco_main:786 - Saving outputs to: dissertation_logs/diss_script/BOPElites_MEDIUM_MAZE_hex/2026-08-02_15-38-57_seed-None
2026-08-02 15:38:57.712 | INFO     | __main__:run_search:416 - > Starting search.

2026-08-02 15:39:38.722 | INFO     | __main__:run_search:503 - > 1 itrs completed after 41.01 s
  - Max Score: -8.81965049640964
  - Archive Size: 17
  - QD Score: 251.75451019169842
  - Goal Reached Count: 0
  - Archive Dims: [5 5]
2026-08-02 15:48:49.695 | INFO     | __main__:run_search:503 - > 5 itrs completed after 591.98 s
  - Max Score: -8.34256451142093
  - Archive Size: 26
  - QD Score: 397.77629872405106
  - Goal Reached Count: 0
  - Archive Dims: [10 10]
2026-08-02 15:50:58.362 | INFO     | __main__:run_search:503 - > 6 itrs completed after 720.65 s
  - Max Score: -8.34256451142093
  - Archive Size: 28
  - QD Score: 434.66269309625267
  - Goal Reached Count: 0
  - Archive Dims: [10 10]
