2026-08-05 18:52:03.589 | INFO     | __main__:mujoco_main:666 - Saving outputs to: dissertation_logs/diss_script_refac/MAPElites_MEDIUM_MAZE_ant/2026-08-05_18-52-03_seed-None_83456
2026-08-05 18:52:03.589 | INFO     | __main__:run_search:292 - > Starting search.

2026-08-05 18:52:16.280 | INFO     | __main__:run_search:427 - > 1 itrs completed after 12.69 s
  - Max Score: -12.580917361669345
  - Archive Size: 3
  - QD Score: -37.742752085008036
  - Goal Reached Count: 0
  - Archive Dims: [28 28]
  - Alg Time: 0.62 s
  - Sim Time: 12.07 s
  - RAM Usage: 0.7620735168457031 GB
2026-08-05 18:52:58.909 | INFO     | __main__:run_search:427 - > 5 itrs completed after 55.32 s
  - Max Score: -10.572610634020243
  - Archive Size: 15
  - QD Score: -158.58915951030366
  - Goal Reached Count: 0
  - Archive Dims: [28 28]
  - Alg Time: 0.63 s
  - Sim Time: 54.69 s
  - RAM Usage: 0.76593017578125 GB
2026-08-05 18:53:57.130 | INFO     | __main__:run_search:427 - > 10 itrs completed after 113.54 s
  - Max Score: -10.15930918489096
  - Archive Size: 27
  - QD Score: -274.3013479920559
  - Goal Reached Count: 0
  - Archive Dims: [28 28]
  - Alg Time: 0.63 s
  - Sim Time: 112.91 s
  - RAM Usage: 0.7670249938964844 GB
2026-08-05 18:54:53.267 | INFO     | __main__:run_search:427 - > 15 itrs completed after 169.68 s
  - Max Score: -9.785781253241376
  - Archive Size: 39
  - QD Score: -381.6454688764137
  - Goal Reached Count: 0
  - Archive Dims: [28 28]
  - Alg Time: 0.63 s
  - Sim Time: 169.04 s
  - RAM Usage: 0.7672195434570312 GB
2026-08-05 18:55:45.889 | INFO     | __main__:run_search:427 - > 20 itrs completed after 222.30 s
  - Max Score: -9.810886709976286
  - Archive Size: 48
  - QD Score: -470.92256207886174
  - Goal Reached Count: 0
  - Archive Dims: [28 28]
  - Alg Time: 0.64 s
  - Sim Time: 221.66 s
  - RAM Usage: 0.7672576904296875 GB
2026-08-05 18:56:32.747 | INFO     | __main__:run_search:427 - > 25 itrs completed after 269.16 s
  - Max Score: -9.963664685938983
  - Archive Size: 57
  - QD Score: -567.9288870985221
  - Goal Reached Count: 0
  - Archive Dims: [28 28]
  - Alg Time: 0.64 s
  - Sim Time: 268.51 s
  - RAM Usage: 0.7672882080078125 GB
2026-08-05 18:57:20.356 | INFO     | __main__:run_search:427 - > 30 itrs completed after 316.77 s
  - Max Score: -10.087537753029235
  - Archive Size: 62
  - QD Score: -625.4273406878126
  - Goal Reached Count: 0
  - Archive Dims: [28 28]
  - Alg Time: 0.64 s
  - Sim Time: 316.12 s
  - RAM Usage: 0.7672958374023438 GB
2026-08-05 18:58:02.882 | INFO     | __main__:run_search:427 - > 35 itrs completed after 359.29 s
  - Max Score: -9.9861058299925
  - Archive Size: 69
  - QD Score: -689.0413022694825
  - Goal Reached Count: 0
  - Archive Dims: [28 28]
  - Alg Time: 0.64 s
  - Sim Time: 358.64 s
  - RAM Usage: 0.7680892944335938 GB
2026-08-05 18:58:34.376 | INFO     | __main__:run_search:427 - > 40 itrs completed after 390.79 s
  - Max Score: -9.972333274799587
  - Archive Size: 73
  - QD Score: -727.9803290603699
  - Goal Reached Count: 0
  - Archive Dims: [28 28]
  - Alg Time: 0.65 s
  - Sim Time: 390.13 s
  - RAM Usage: 0.7680931091308594 GB
2026-08-05 18:59:22.832 | INFO     | __main__:run_search:427 - > 45 itrs completed after 439.24 s
  - Max Score: -10.091568288569746
  - Archive Size: 78
  - QD Score: -787.1423265084402
  - Goal Reached Count: 0
  - Archive Dims: [28 28]
  - Alg Time: 0.65 s
  - Sim Time: 438.58 s
  - RAM Usage: 0.7705764770507812 GB
2026-08-05 19:00:05.171 | INFO     | __main__:run_search:427 - > 50 itrs completed after 481.58 s
  - Max Score: -10.098756160004147
  - Archive Size: 81
  - QD Score: -817.9992489603359
  - Goal Reached Count: 0
  - Archive Dims: [28 28]
  - Alg Time: 0.65 s
  - Sim Time: 480.92 s
  - RAM Usage: 0.7708244323730469 GB
2026-08-05 19:00:58.750 | INFO     | __main__:run_search:427 - > 55 itrs completed after 535.16 s
  - Max Score: -10.016223318153338
  - Archive Size: 86
  - QD Score: -861.3952053611871
  - Goal Reached Count: 0
  - Archive Dims: [28 28]
  - Alg Time: 0.66 s
  - Sim Time: 534.49 s
  - RAM Usage: 0.7708282470703125 GB
2026-08-05 19:01:40.815 | INFO     | __main__:run_search:427 - > 60 itrs completed after 577.23 s
  - Max Score: -10.033270581182595
  - Archive Size: 91
  - QD Score: -913.0276228876162
  - Goal Reached Count: 0
  - Archive Dims: [28 28]
  - Alg Time: 0.66 s
  - Sim Time: 576.55 s
  - RAM Usage: 0.7708511352539062 GB
2026-08-05 19:02:08.670 | INFO     | __main__:run_search:427 - > 63 itrs completed after 605.08 s
  - Max Score: -10.017736186747777
  - Archive Size: 92
  - QD Score: -921.6317291807954
  - Goal Reached Count: 0
  - Archive Dims: [28 28]
  - Alg Time: 0.66 s
  - Sim Time: 604.41 s
  - RAM Usage: 0.7708663940429688 GB
