2026-08-06 00:25:20.248 | INFO     | __main__:mujoco_main:669 - Saving outputs to: dissertation_logs/diss_script_refac/MAPElites_MEDIUM_MAZE_ant/2026-08-06_00-25-20_seed-None_59680
2026-08-06 00:25:20.249 | INFO     | __main__:run_search:298 - > Starting search.

2026-08-06 00:25:33.195 | INFO     | __main__:run_search:432 - > 1 itrs completed after 12.95 s
  - Max Score: 0.614232378711871
  - Archive Size: 5
  - QD Score: 1.1698320184690578
  - Archive Dims: [28 28]
  - Alg Time: 0.61 s
  - Sim Time: 12.33 s
  - RAM Usage: 0.7621726989746094 GB
2026-08-06 00:26:21.754 | INFO     | __main__:run_search:432 - > 5 itrs completed after 61.50 s
  - Max Score: 0.6210665990696065
  - Archive Size: 15
  - QD Score: 3.279006699313613
  - Archive Dims: [28 28]
  - Alg Time: 0.61 s
  - Sim Time: 60.89 s
  - RAM Usage: 0.7643547058105469 GB
2026-08-06 00:27:22.817 | INFO     | __main__:run_search:432 - > 10 itrs completed after 122.57 s
  - Max Score: 0.6210665990696065
  - Archive Size: 24
  - QD Score: 4.365345812038723
  - Archive Dims: [28 28]
  - Alg Time: 0.62 s
  - Sim Time: 121.95 s
  - RAM Usage: 0.7652206420898438 GB
2026-08-06 00:28:23.127 | INFO     | __main__:run_search:432 - > 15 itrs completed after 182.88 s
  - Max Score: 0.9348931347623526
  - Archive Size: 32
  - QD Score: 6.634304372755439
  - Archive Dims: [28 28]
  - Alg Time: 0.62 s
  - Sim Time: 182.25 s
  - RAM Usage: 0.765045166015625 GB
2026-08-06 00:29:23.183 | INFO     | __main__:run_search:432 - > 20 itrs completed after 242.93 s
  - Max Score: 0.9348931347623526
  - Archive Size: 38
  - QD Score: 8.2281439753264
  - Archive Dims: [28 28]
  - Alg Time: 0.62 s
  - Sim Time: 242.31 s
  - RAM Usage: 0.7645492553710938 GB
2026-08-06 00:30:23.015 | INFO     | __main__:run_search:432 - > 25 itrs completed after 302.77 s
  - Max Score: 0.9348931347623526
  - Archive Size: 45
  - QD Score: 10.226645060126547
  - Archive Dims: [28 28]
  - Alg Time: 0.63 s
  - Sim Time: 302.13 s
  - RAM Usage: 0.7646064758300781 GB
2026-08-06 00:31:23.219 | INFO     | __main__:run_search:432 - > 30 itrs completed after 362.97 s
  - Max Score: 0.9348931347623526
  - Archive Size: 49
  - QD Score: 11.013211271730698
  - Archive Dims: [28 28]
  - Alg Time: 0.63 s
  - Sim Time: 362.33 s
  - RAM Usage: 0.764678955078125 GB
2026-08-06 00:32:23.325 | INFO     | __main__:run_search:432 - > 35 itrs completed after 423.08 s
  - Max Score: 0.9348931347623526
  - Archive Size: 52
  - QD Score: 11.403588323762401
  - Archive Dims: [28 28]
  - Alg Time: 0.63 s
  - Sim Time: 422.44 s
  - RAM Usage: 0.76470947265625 GB
2026-08-06 00:33:23.117 | INFO     | __main__:run_search:432 - > 40 itrs completed after 482.87 s
  - Max Score: 0.9348931347623526
  - Archive Size: 53
  - QD Score: 12.210045973751994
  - Archive Dims: [28 28]
  - Alg Time: 0.63 s
  - Sim Time: 482.23 s
  - RAM Usage: 0.7647361755371094 GB
2026-08-06 00:34:23.113 | INFO     | __main__:run_search:432 - > 45 itrs completed after 542.86 s
  - Max Score: 0.9348931347623526
  - Archive Size: 54
  - QD Score: 12.612203729707721
  - Archive Dims: [28 28]
  - Alg Time: 0.64 s
  - Sim Time: 542.22 s
  - RAM Usage: 0.7647209167480469 GB
2026-08-06 00:35:23.289 | INFO     | __main__:run_search:432 - > 50 itrs completed after 603.04 s
  - Max Score: 0.9348931347623526
  - Archive Size: 56
  - QD Score: 13.078678577777175
  - Archive Dims: [28 28]
  - Alg Time: 0.64 s
  - Sim Time: 602.39 s
  - RAM Usage: 0.7642822265625 GB
2026-08-06 00:36:23.284 | INFO     | __main__:run_search:432 - > 55 itrs completed after 663.03 s
  - Max Score: 0.9348931347623526
  - Archive Size: 56
  - QD Score: 13.28710794198339
  - Archive Dims: [28 28]
  - Alg Time: 0.64 s
  - Sim Time: 662.38 s
  - RAM Usage: 0.7645301818847656 GB
2026-08-06 00:37:23.592 | INFO     | __main__:run_search:432 - > 60 itrs completed after 723.34 s
  - Max Score: 0.9348931347623526
  - Archive Size: 59
  - QD Score: 14.955443409527307
  - Archive Dims: [28 28]
  - Alg Time: 0.65 s
  - Sim Time: 722.69 s
  - RAM Usage: 0.7642288208007812 GB
2026-08-06 00:38:24.151 | INFO     | __main__:run_search:432 - > 65 itrs completed after 783.90 s
  - Max Score: 0.9348931347623526
  - Archive Size: 59
  - QD Score: 15.630189625500295
  - Archive Dims: [28 28]
  - Alg Time: 0.65 s
  - Sim Time: 783.24 s
  - RAM Usage: 0.7648773193359375 GB
2026-08-06 00:39:24.783 | INFO     | __main__:run_search:432 - > 70 itrs completed after 844.53 s
  - Max Score: 0.9348931347623526
  - Archive Size: 60
  - QD Score: 16.263683217785328
  - Archive Dims: [28 28]
  - Alg Time: 0.65 s
  - Sim Time: 843.87 s
  - RAM Usage: 0.7653884887695312 GB
2026-08-06 00:40:24.932 | INFO     | __main__:run_search:432 - > 75 itrs completed after 904.68 s
  - Max Score: 0.9348931347623526
  - Archive Size: 62
  - QD Score: 16.59855081482457
  - Archive Dims: [28 28]
  - Alg Time: 0.65 s
  - Sim Time: 904.02 s
  - RAM Usage: 0.7653617858886719 GB
2026-08-06 00:41:25.064 | INFO     | __main__:run_search:432 - > 80 itrs completed after 964.82 s
  - Max Score: 0.9348931347623526
  - Archive Size: 64
  - QD Score: 17.261692980406607
  - Archive Dims: [28 28]
  - Alg Time: 0.66 s
  - Sim Time: 964.14 s
  - RAM Usage: 0.7645988464355469 GB
2026-08-06 00:42:25.040 | INFO     | __main__:run_search:432 - > 85 itrs completed after 1024.79 s
  - Max Score: 0.9348931347623526
  - Archive Size: 66
  - QD Score: 18.41159688226836
  - Archive Dims: [28 28]
  - Alg Time: 0.66 s
  - Sim Time: 1024.12 s
  - RAM Usage: 0.7646446228027344 GB
2026-08-06 00:43:24.926 | INFO     | __main__:run_search:432 - > 90 itrs completed after 1084.68 s
  - Max Score: 0.9348931347623526
  - Archive Size: 67
  - QD Score: 18.60079332264868
  - Archive Dims: [28 28]
  - Alg Time: 0.66 s
  - Sim Time: 1084.00 s
  - RAM Usage: 0.7651863098144531 GB
2026-08-06 00:44:24.629 | INFO     | __main__:run_search:432 - > 95 itrs completed after 1144.38 s
  - Max Score: 0.9348931347623526
  - Archive Size: 69
  - QD Score: 19.839722051025507
  - Archive Dims: [28 28]
  - Alg Time: 0.66 s
  - Sim Time: 1143.70 s
  - RAM Usage: 0.7643890380859375 GB
2026-08-06 00:45:24.806 | INFO     | __main__:run_search:432 - > 100 itrs completed after 1204.56 s
  - Max Score: 0.9348931347623526
  - Archive Size: 72
  - QD Score: 20.980289504048702
  - Archive Dims: [28 28]
  - Alg Time: 0.67 s
  - Sim Time: 1203.87 s
  - RAM Usage: 0.765106201171875 GB
2026-08-06 00:46:24.682 | INFO     | __main__:run_search:432 - > 105 itrs completed after 1264.43 s
  - Max Score: 0.9348931347623526
  - Archive Size: 72
  - QD Score: 20.980289504048702
  - Archive Dims: [28 28]
  - Alg Time: 0.67 s
  - Sim Time: 1263.74 s
  - RAM Usage: 0.7648162841796875 GB
2026-08-06 00:47:24.858 | INFO     | __main__:run_search:432 - > 110 itrs completed after 1324.61 s
  - Max Score: 0.9348931347623526
  - Archive Size: 73
  - QD Score: 21.190652684454516
  - Archive Dims: [28 28]
  - Alg Time: 0.67 s
  - Sim Time: 1323.92 s
  - RAM Usage: 0.7651329040527344 GB
2026-08-06 00:48:24.722 | INFO     | __main__:run_search:432 - > 115 itrs completed after 1384.47 s
  - Max Score: 0.9348931347623526
  - Archive Size: 74
  - QD Score: 21.381359255877992
  - Archive Dims: [28 28]
  - Alg Time: 0.67 s
  - Sim Time: 1383.78 s
  - RAM Usage: 0.7651748657226562 GB
2026-08-06 00:49:24.669 | INFO     | __main__:run_search:432 - > 120 itrs completed after 1444.42 s
  - Max Score: 0.9348931347623526
  - Archive Size: 76
  - QD Score: 22.179564261472695
  - Archive Dims: [28 28]
  - Alg Time: 0.68 s
  - Sim Time: 1443.72 s
  - RAM Usage: 0.7647056579589844 GB
2026-08-06 00:50:25.103 | INFO     | __main__:run_search:432 - > 125 itrs completed after 1504.85 s
  - Max Score: 0.9348931347623526
  - Archive Size: 76
  - QD Score: 22.179564261472695
  - Archive Dims: [28 28]
  - Alg Time: 0.68 s
  - Sim Time: 1504.15 s
  - RAM Usage: 0.7672195434570312 GB
2026-08-06 00:51:25.482 | INFO     | __main__:run_search:432 - > 130 itrs completed after 1565.23 s
  - Max Score: 0.9348931347623526
  - Archive Size: 77
  - QD Score: 22.597050463622924
  - Archive Dims: [28 28]
  - Alg Time: 0.68 s
  - Sim Time: 1564.53 s
  - RAM Usage: 0.7673873901367188 GB
2026-08-06 00:52:25.739 | INFO     | __main__:run_search:432 - > 135 itrs completed after 1625.49 s
  - Max Score: 0.9348931347623526
  - Archive Size: 79
  - QD Score: 23.675531931865684
  - Archive Dims: [28 28]
  - Alg Time: 0.68 s
  - Sim Time: 1624.78 s
  - RAM Usage: 0.7673988342285156 GB
2026-08-06 00:53:25.852 | INFO     | __main__:run_search:432 - > 140 itrs completed after 1685.60 s
  - Max Score: 0.9348931347623526
  - Archive Size: 81
  - QD Score: 24.498424097664113
  - Archive Dims: [28 28]
  - Alg Time: 0.68 s
  - Sim Time: 1684.89 s
  - RAM Usage: 0.7674026489257812 GB
2026-08-06 00:54:25.802 | INFO     | __main__:run_search:432 - > 145 itrs completed after 1745.55 s
  - Max Score: 0.9348931347623526
  - Archive Size: 82
  - QD Score: 24.88309331344513
  - Archive Dims: [28 28]
  - Alg Time: 0.69 s
  - Sim Time: 1744.84 s
  - RAM Usage: 0.7674102783203125 GB
2026-08-06 00:55:25.742 | INFO     | __main__:run_search:432 - > 150 itrs completed after 1805.49 s
  - Max Score: 0.9348931347623526
  - Archive Size: 83
  - QD Score: 24.99282341241769
  - Archive Dims: [28 28]
  - Alg Time: 0.69 s
  - Sim Time: 1804.77 s
  - RAM Usage: 0.7653694152832031 GB
2026-08-06 00:56:25.640 | INFO     | __main__:run_search:432 - > 155 itrs completed after 1865.39 s
  - Max Score: 0.9348931347623526
  - Archive Size: 84
  - QD Score: 25.216693832366634
  - Archive Dims: [28 28]
  - Alg Time: 0.69 s
  - Sim Time: 1864.67 s
  - RAM Usage: 0.7665367126464844 GB
2026-08-06 00:57:26.241 | INFO     | __main__:run_search:432 - > 160 itrs completed after 1925.99 s
  - Max Score: 0.9348931347623526
  - Archive Size: 86
  - QD Score: 26.04952508969109
  - Archive Dims: [28 28]
  - Alg Time: 0.69 s
  - Sim Time: 1925.26 s
  - RAM Usage: 0.7674980163574219 GB
2026-08-06 00:58:26.421 | INFO     | __main__:run_search:432 - > 165 itrs completed after 1986.17 s
  - Max Score: 0.9348931347623526
  - Archive Size: 86
  - QD Score: 26.07127050578816
  - Archive Dims: [28 28]
  - Alg Time: 0.70 s
  - Sim Time: 1985.44 s
  - RAM Usage: 0.7645759582519531 GB
2026-08-06 00:59:26.693 | INFO     | __main__:run_search:432 - > 170 itrs completed after 2046.44 s
  - Max Score: 0.9348931347623526
  - Archive Size: 87
  - QD Score: 26.62571903983138
  - Archive Dims: [28 28]
  - Alg Time: 0.70 s
  - Sim Time: 2045.71 s
  - RAM Usage: 0.7644004821777344 GB
2026-08-06 01:00:25.515 | INFO     | __main__:run_search:432 - > 175 itrs completed after 2105.27 s
  - Max Score: 1.3772642915602826
  - Archive Size: 88
  - QD Score: 28.01407706643171
  - Archive Dims: [28 28]
  - Alg Time: 0.70 s
  - Sim Time: 2104.53 s
  - RAM Usage: 0.7667694091796875 GB
2026-08-06 01:01:25.525 | INFO     | __main__:run_search:432 - > 180 itrs completed after 2165.28 s
  - Max Score: 1.3772642915602826
  - Archive Size: 90
  - QD Score: 28.893370589199026
  - Archive Dims: [28 28]
  - Alg Time: 0.70 s
  - Sim Time: 2164.53 s
  - RAM Usage: 0.7652778625488281 GB
2026-08-06 01:02:25.532 | INFO     | __main__:run_search:432 - > 185 itrs completed after 2225.28 s
  - Max Score: 1.3772642915602826
  - Archive Size: 91
  - QD Score: 29.442878649894364
  - Archive Dims: [28 28]
  - Alg Time: 0.71 s
  - Sim Time: 2224.54 s
  - RAM Usage: 0.76434326171875 GB
2026-08-06 01:03:25.633 | INFO     | __main__:run_search:432 - > 190 itrs completed after 2285.38 s
  - Max Score: 1.3772642915602826
  - Archive Size: 92
  - QD Score: 29.566739620748375
  - Archive Dims: [28 28]
  - Alg Time: 0.71 s
  - Sim Time: 2284.64 s
  - RAM Usage: 0.7671852111816406 GB
2026-08-06 01:04:25.201 | INFO     | __main__:run_search:432 - > 195 itrs completed after 2344.95 s
  - Max Score: 1.3772642915602826
  - Archive Size: 93
  - QD Score: 30.172375311271107
  - Archive Dims: [28 28]
  - Alg Time: 0.71 s
  - Sim Time: 2344.20 s
  - RAM Usage: 0.7673263549804688 GB
2026-08-06 01:05:24.565 | INFO     | __main__:run_search:432 - > 200 itrs completed after 2404.32 s
  - Max Score: 1.3772642915602826
  - Archive Size: 95
  - QD Score: 31.38175396349368
  - Archive Dims: [28 28]
  - Alg Time: 0.71 s
  - Sim Time: 2403.56 s
  - RAM Usage: 0.7673263549804688 GB
2026-08-06 01:06:24.497 | INFO     | __main__:run_search:432 - > 205 itrs completed after 2464.25 s
  - Max Score: 1.3772642915602826
  - Archive Size: 95
  - QD Score: 31.453481304458112
  - Archive Dims: [28 28]
  - Alg Time: 0.72 s
  - Sim Time: 2463.49 s
  - RAM Usage: 0.7673263549804688 GB
2026-08-06 01:07:24.114 | INFO     | __main__:run_search:432 - > 210 itrs completed after 2523.86 s
  - Max Score: 1.3772642915602826
  - Archive Size: 97
  - QD Score: 32.52403310437573
  - Archive Dims: [28 28]
  - Alg Time: 0.72 s
  - Sim Time: 2523.10 s
  - RAM Usage: 0.7673301696777344 GB
2026-08-06 01:08:23.457 | INFO     | __main__:run_search:432 - > 215 itrs completed after 2583.21 s
  - Max Score: 1.3772642915602826
  - Archive Size: 99
  - QD Score: 33.20316647551122
  - Archive Dims: [28 28]
  - Alg Time: 0.72 s
  - Sim Time: 2582.44 s
  - RAM Usage: 0.7673301696777344 GB
2026-08-06 01:09:22.392 | INFO     | __main__:run_search:432 - > 220 itrs completed after 2642.14 s
  - Max Score: 1.3772642915602826
  - Archive Size: 104
  - QD Score: 34.73636399846477
  - Archive Dims: [28 28]
  - Alg Time: 0.72 s
  - Sim Time: 2641.37 s
  - RAM Usage: 0.767333984375 GB
2026-08-06 01:10:22.228 | INFO     | __main__:run_search:432 - > 225 itrs completed after 2701.98 s
  - Max Score: 1.3772642915602826
  - Archive Size: 105
  - QD Score: 35.166697564159435
  - Archive Dims: [28 28]
  - Alg Time: 0.73 s
  - Sim Time: 2701.21 s
  - RAM Usage: 0.7674827575683594 GB
2026-08-06 01:11:22.082 | INFO     | __main__:run_search:432 - > 230 itrs completed after 2761.83 s
  - Max Score: 1.3772642915602826
  - Archive Size: 106
  - QD Score: 35.61357483831481
  - Archive Dims: [28 28]
  - Alg Time: 0.73 s
  - Sim Time: 2761.06 s
  - RAM Usage: 0.7674827575683594 GB
2026-08-06 01:12:22.360 | INFO     | __main__:run_search:432 - > 235 itrs completed after 2822.11 s
  - Max Score: 1.3772642915602826
  - Archive Size: 107
  - QD Score: 35.783395863036695
  - Archive Dims: [28 28]
  - Alg Time: 0.73 s
  - Sim Time: 2821.33 s
  - RAM Usage: 0.7650032043457031 GB
2026-08-06 01:13:21.943 | INFO     | __main__:run_search:432 - > 240 itrs completed after 2881.69 s
  - Max Score: 1.3772642915602826
  - Archive Size: 107
  - QD Score: 35.97226860693098
  - Archive Dims: [28 28]
  - Alg Time: 0.73 s
  - Sim Time: 2880.91 s
  - RAM Usage: 0.7648200988769531 GB
2026-08-06 01:14:21.632 | INFO     | __main__:run_search:432 - > 245 itrs completed after 2941.38 s
  - Max Score: 1.3772642915602826
  - Archive Size: 107
  - QD Score: 36.344645613191744
  - Archive Dims: [28 28]
  - Alg Time: 0.74 s
  - Sim Time: 2940.60 s
  - RAM Usage: 0.7665748596191406 GB
2026-08-06 01:15:21.298 | INFO     | __main__:run_search:432 - > 250 itrs completed after 3001.05 s
  - Max Score: 1.3772642915602826
  - Archive Size: 107
  - QD Score: 36.57816864556006
  - Archive Dims: [28 28]
  - Alg Time: 0.74 s
  - Sim Time: 3000.26 s
  - RAM Usage: 0.7675704956054688 GB
2026-08-06 01:16:21.266 | INFO     | __main__:run_search:432 - > 255 itrs completed after 3061.02 s
  - Max Score: 1.3772642915602826
  - Archive Size: 107
  - QD Score: 36.67599219699793
  - Archive Dims: [28 28]
  - Alg Time: 0.74 s
  - Sim Time: 3060.22 s
  - RAM Usage: 0.7648544311523438 GB
2026-08-06 01:17:22.209 | INFO     | __main__:run_search:432 - > 260 itrs completed after 3121.96 s
  - Max Score: 1.3772642915602826
  - Archive Size: 107
  - QD Score: 36.72541797320247
  - Archive Dims: [28 28]
  - Alg Time: 0.74 s
  - Sim Time: 3121.16 s
  - RAM Usage: 0.7648506164550781 GB
2026-08-06 01:18:23.490 | INFO     | __main__:run_search:432 - > 265 itrs completed after 3183.24 s
  - Max Score: 1.3772642915602826
  - Archive Size: 107
  - QD Score: 36.72541797320247
  - Archive Dims: [28 28]
  - Alg Time: 0.74 s
  - Sim Time: 3182.44 s
  - RAM Usage: 0.7672157287597656 GB
2026-08-06 01:19:24.186 | INFO     | __main__:run_search:432 - > 270 itrs completed after 3243.94 s
  - Max Score: 1.3772642915602826
  - Archive Size: 108
  - QD Score: 36.89679357453795
  - Archive Dims: [28 28]
  - Alg Time: 0.75 s
  - Sim Time: 3243.14 s
  - RAM Usage: 0.7648735046386719 GB
2026-08-06 01:20:25.082 | INFO     | __main__:run_search:432 - > 275 itrs completed after 3304.83 s
  - Max Score: 1.3772642915602826
  - Archive Size: 108
  - QD Score: 37.154186626270594
  - Archive Dims: [28 28]
  - Alg Time: 0.75 s
  - Sim Time: 3304.03 s
  - RAM Usage: 0.7644729614257812 GB
2026-08-06 01:21:25.711 | INFO     | __main__:run_search:432 - > 280 itrs completed after 3365.46 s
  - Max Score: 1.3772642915602826
  - Archive Size: 108
  - QD Score: 37.99042734079392
  - Archive Dims: [28 28]
  - Alg Time: 0.75 s
  - Sim Time: 3364.65 s
  - RAM Usage: 0.76629638671875 GB
2026-08-06 01:22:27.040 | INFO     | __main__:run_search:432 - > 285 itrs completed after 3426.79 s
  - Max Score: 1.3772642915602826
  - Archive Size: 110
  - QD Score: 39.33287746229226
  - Archive Dims: [28 28]
  - Alg Time: 0.75 s
  - Sim Time: 3425.98 s
  - RAM Usage: 0.7672538757324219 GB
2026-08-06 01:23:26.365 | INFO     | __main__:run_search:432 - > 290 itrs completed after 3486.12 s
  - Max Score: 1.3772642915602826
  - Archive Size: 111
  - QD Score: 40.76209781105164
  - Archive Dims: [28 28]
  - Alg Time: 0.76 s
  - Sim Time: 3485.30 s
  - RAM Usage: 0.7674064636230469 GB
2026-08-06 01:24:29.007 | INFO     | __main__:run_search:432 - > 295 itrs completed after 3548.76 s
  - Max Score: 1.3772642915602826
  - Archive Size: 111
  - QD Score: 40.76209781105164
  - Archive Dims: [28 28]
  - Alg Time: 0.76 s
  - Sim Time: 3547.94 s
  - RAM Usage: 0.7674217224121094 GB
2026-08-06 01:25:32.796 | INFO     | __main__:run_search:432 - > 300 itrs completed after 3612.55 s
  - Max Score: 1.3772642915602826
  - Archive Size: 113
  - QD Score: 41.34302731272558
  - Archive Dims: [28 28]
  - Alg Time: 0.76 s
  - Sim Time: 3611.72 s
  - RAM Usage: 0.7674369812011719 GB
