2026-08-05 23:05:32.046 | INFO     | __main__:mujoco_main:669 - Saving outputs to: dissertation_logs/diss_script_refac/MAPElites_MEDIUM_MAZE_ant/2026-08-05_23-05-32_seed-None_22475
2026-08-05 23:05:32.046 | INFO     | __main__:run_search:298 - > Starting search.

2026-08-05 23:05:43.414 | INFO     | __main__:run_search:432 - > 1 itrs completed after 11.37 s
  - Max Score: 0.11959208884759247
  - Archive Size: 4
  - QD Score: 0.3010168285401284
  - Archive Dims: [28 28]
  - Alg Time: 0.59 s
  - Sim Time: 10.78 s
  - RAM Usage: 0.7631607055664062 GB
2026-08-05 23:06:31.610 | INFO     | __main__:run_search:432 - > 5 itrs completed after 59.56 s
  - Max Score: 0.15732487101256976
  - Archive Size: 11
  - QD Score: 0.8735106311189451
  - Archive Dims: [28 28]
  - Alg Time: 0.59 s
  - Sim Time: 58.97 s
  - RAM Usage: 0.7647361755371094 GB
2026-08-05 23:07:29.842 | INFO     | __main__:run_search:432 - > 10 itrs completed after 117.80 s
  - Max Score: 0.3301547630807941
  - Archive Size: 22
  - QD Score: 2.30470317521895
  - Archive Dims: [28 28]
  - Alg Time: 0.59 s
  - Sim Time: 117.20 s
  - RAM Usage: 0.76507568359375 GB
2026-08-05 23:08:31.960 | INFO     | __main__:run_search:432 - > 15 itrs completed after 179.91 s
  - Max Score: 0.3301547630807941
  - Archive Size: 29
  - QD Score: 2.9481787881957566
  - Archive Dims: [28 28]
  - Alg Time: 0.59 s
  - Sim Time: 179.32 s
  - RAM Usage: 0.7652778625488281 GB
2026-08-05 23:09:34.668 | INFO     | __main__:run_search:432 - > 20 itrs completed after 242.62 s
  - Max Score: 0.3301547630807941
  - Archive Size: 34
  - QD Score: 3.392635645534567
  - Archive Dims: [28 28]
  - Alg Time: 0.60 s
  - Sim Time: 242.02 s
  - RAM Usage: 0.76531982421875 GB
2026-08-05 23:10:37.076 | INFO     | __main__:run_search:432 - > 25 itrs completed after 305.03 s
  - Max Score: 0.3301547630807941
  - Archive Size: 36
  - QD Score: 3.537812609774505
  - Archive Dims: [28 28]
  - Alg Time: 0.60 s
  - Sim Time: 304.42 s
  - RAM Usage: 0.7654991149902344 GB
2026-08-05 23:11:34.780 | INFO     | __main__:run_search:432 - > 30 itrs completed after 362.73 s
  - Max Score: 0.3796158401070649
  - Archive Size: 40
  - QD Score: 4.7689749344141195
  - Archive Dims: [28 28]
  - Alg Time: 0.60 s
  - Sim Time: 362.12 s
  - RAM Usage: 0.7654914855957031 GB
2026-08-05 23:12:37.754 | INFO     | __main__:run_search:432 - > 35 itrs completed after 425.71 s
  - Max Score: 0.3796158401070649
  - Archive Size: 44
  - QD Score: 5.6530670541043735
  - Archive Dims: [28 28]
  - Alg Time: 0.61 s
  - Sim Time: 425.09 s
  - RAM Usage: 0.7655258178710938 GB
2026-08-05 23:13:36.087 | INFO     | __main__:run_search:432 - > 40 itrs completed after 484.04 s
  - Max Score: 0.3796158401070649
  - Archive Size: 46
  - QD Score: 5.9317552252779056
  - Archive Dims: [28 28]
  - Alg Time: 0.61 s
  - Sim Time: 483.42 s
  - RAM Usage: 0.7655410766601562 GB
2026-08-05 23:14:37.432 | INFO     | __main__:run_search:432 - > 45 itrs completed after 545.39 s
  - Max Score: 0.3796158401070649
  - Archive Size: 50
  - QD Score: 6.218656543536043
  - Archive Dims: [28 28]
  - Alg Time: 0.61 s
  - Sim Time: 544.77 s
  - RAM Usage: 0.7655715942382812 GB
2026-08-05 23:15:40.324 | INFO     | __main__:run_search:432 - > 50 itrs completed after 608.28 s
  - Max Score: 0.3796158401070649
  - Archive Size: 53
  - QD Score: 6.929563168920079
  - Archive Dims: [28 28]
  - Alg Time: 0.61 s
  - Sim Time: 607.65 s
  - RAM Usage: 0.7655982971191406 GB
2026-08-05 23:16:41.046 | INFO     | __main__:run_search:432 - > 55 itrs completed after 669.00 s
  - Max Score: 0.3796158401070649
  - Archive Size: 54
  - QD Score: 7.17751115646066
  - Archive Dims: [28 28]
  - Alg Time: 0.62 s
  - Sim Time: 668.37 s
  - RAM Usage: 0.765625 GB
2026-08-05 23:17:44.008 | INFO     | __main__:run_search:432 - > 60 itrs completed after 731.96 s
  - Max Score: 0.3796158401070649
  - Archive Size: 54
  - QD Score: 7.33638383899867
  - Archive Dims: [28 28]
  - Alg Time: 0.62 s
  - Sim Time: 731.33 s
  - RAM Usage: 0.7656021118164062 GB
2026-08-05 23:18:42.047 | INFO     | __main__:run_search:432 - > 65 itrs completed after 790.00 s
  - Max Score: 0.3796158401070649
  - Archive Size: 54
  - QD Score: 7.392365508769719
  - Archive Dims: [28 28]
  - Alg Time: 0.62 s
  - Sim Time: 789.37 s
  - RAM Usage: 0.7657890319824219 GB
2026-08-05 23:19:44.728 | INFO     | __main__:run_search:432 - > 70 itrs completed after 852.68 s
  - Max Score: 0.3796158401070649
  - Archive Size: 56
  - QD Score: 7.586766697060921
  - Archive Dims: [28 28]
  - Alg Time: 0.62 s
  - Sim Time: 852.04 s
  - RAM Usage: 0.7658195495605469 GB
2026-08-05 23:20:46.022 | INFO     | __main__:run_search:432 - > 75 itrs completed after 913.98 s
  - Max Score: 0.3796158401070649
  - Archive Size: 57
  - QD Score: 8.187363381299075
  - Archive Dims: [28 28]
  - Alg Time: 0.63 s
  - Sim Time: 913.33 s
  - RAM Usage: 0.7658500671386719 GB
2026-08-05 23:21:48.503 | INFO     | __main__:run_search:432 - > 80 itrs completed after 976.46 s
  - Max Score: 0.3796158401070649
  - Archive Size: 59
  - QD Score: 8.450868275084277
  - Archive Dims: [28 28]
  - Alg Time: 0.63 s
  - Sim Time: 975.81 s
  - RAM Usage: 0.7658500671386719 GB
2026-08-05 23:22:46.313 | INFO     | __main__:run_search:432 - > 85 itrs completed after 1034.27 s
  - Max Score: 0.4399096619492984
  - Archive Size: 60
  - QD Score: 9.00045632869113
  - Archive Dims: [28 28]
  - Alg Time: 0.63 s
  - Sim Time: 1033.62 s
  - RAM Usage: 0.7658348083496094 GB
2026-08-05 23:23:48.720 | INFO     | __main__:run_search:432 - > 90 itrs completed after 1096.67 s
  - Max Score: 0.4399096619492984
  - Archive Size: 62
  - QD Score: 9.151557794918858
  - Archive Dims: [28 28]
  - Alg Time: 0.63 s
  - Sim Time: 1096.02 s
  - RAM Usage: 0.7658309936523438 GB
2026-08-05 23:24:49.198 | INFO     | __main__:run_search:432 - > 95 itrs completed after 1157.15 s
  - Max Score: 0.4399096619492984
  - Archive Size: 62
  - QD Score: 9.172200536773222
  - Archive Dims: [28 28]
  - Alg Time: 0.64 s
  - Sim Time: 1156.50 s
  - RAM Usage: 0.7658615112304688 GB
2026-08-05 23:25:52.002 | INFO     | __main__:run_search:432 - > 100 itrs completed after 1219.96 s
  - Max Score: 0.4399096619492984
  - Archive Size: 64
  - QD Score: 9.497087982348262
  - Archive Dims: [28 28]
  - Alg Time: 0.64 s
  - Sim Time: 1219.30 s
  - RAM Usage: 0.7658882141113281 GB
2026-08-05 23:26:54.828 | INFO     | __main__:run_search:432 - > 105 itrs completed after 1282.78 s
  - Max Score: 0.4399096619492984
  - Archive Size: 66
  - QD Score: 9.647675984986373
  - Archive Dims: [28 28]
  - Alg Time: 0.64 s
  - Sim Time: 1282.12 s
  - RAM Usage: 0.7659339904785156 GB
2026-08-05 23:27:53.148 | INFO     | __main__:run_search:432 - > 110 itrs completed after 1341.10 s
  - Max Score: 0.4399096619492984
  - Archive Size: 68
  - QD Score: 10.434692949576513
  - Archive Dims: [28 28]
  - Alg Time: 0.64 s
  - Sim Time: 1340.43 s
  - RAM Usage: 0.7659225463867188 GB
2026-08-05 23:28:55.871 | INFO     | __main__:run_search:432 - > 115 itrs completed after 1403.82 s
  - Max Score: 0.4399096619492984
  - Archive Size: 73
  - QD Score: 11.026130561535599
  - Archive Dims: [28 28]
  - Alg Time: 0.65 s
  - Sim Time: 1403.15 s
  - RAM Usage: 0.7659339904785156 GB
2026-08-05 23:29:58.550 | INFO     | __main__:run_search:432 - > 120 itrs completed after 1466.50 s
  - Max Score: 0.4399096619492984
  - Archive Size: 75
  - QD Score: 11.289341805289036
  - Archive Dims: [28 28]
  - Alg Time: 0.65 s
  - Sim Time: 1465.83 s
  - RAM Usage: 0.7659568786621094 GB
2026-08-05 23:30:58.358 | INFO     | __main__:run_search:432 - > 125 itrs completed after 1526.31 s
  - Max Score: 0.4399096619492984
  - Archive Size: 75
  - QD Score: 11.496038796386634
  - Archive Dims: [28 28]
  - Alg Time: 0.65 s
  - Sim Time: 1525.63 s
  - RAM Usage: 0.7659530639648438 GB
2026-08-05 23:31:58.759 | INFO     | __main__:run_search:432 - > 130 itrs completed after 1586.71 s
  - Max Score: 0.4399096619492984
  - Archive Size: 75
  - QD Score: 11.516364332587177
  - Archive Dims: [28 28]
  - Alg Time: 0.65 s
  - Sim Time: 1586.03 s
  - RAM Usage: 0.7659645080566406 GB
2026-08-05 23:33:01.195 | INFO     | __main__:run_search:432 - > 135 itrs completed after 1649.15 s
  - Max Score: 0.4399096619492984
  - Archive Size: 75
  - QD Score: 11.553792998587248
  - Archive Dims: [28 28]
  - Alg Time: 0.66 s
  - Sim Time: 1648.46 s
  - RAM Usage: 0.7659912109375 GB
2026-08-05 23:34:01.530 | INFO     | __main__:run_search:432 - > 140 itrs completed after 1709.48 s
  - Max Score: 0.4399096619492984
  - Archive Size: 78
  - QD Score: 12.412756104641536
  - Archive Dims: [28 28]
  - Alg Time: 0.66 s
  - Sim Time: 1708.80 s
  - RAM Usage: 0.7659835815429688 GB
2026-08-05 23:35:01.595 | INFO     | __main__:run_search:432 - > 145 itrs completed after 1769.55 s
  - Max Score: 0.4399096619492984
  - Archive Size: 78
  - QD Score: 12.438990562421589
  - Archive Dims: [28 28]
  - Alg Time: 0.66 s
  - Sim Time: 1768.86 s
  - RAM Usage: 0.7660102844238281 GB
2026-08-05 23:36:01.153 | INFO     | __main__:run_search:432 - > 150 itrs completed after 1829.11 s
  - Max Score: 0.4399096619492984
  - Archive Size: 79
  - QD Score: 12.527419298766757
  - Archive Dims: [28 28]
  - Alg Time: 0.66 s
  - Sim Time: 1828.41 s
  - RAM Usage: 0.7660484313964844 GB
2026-08-05 23:36:58.893 | INFO     | __main__:run_search:432 - > 155 itrs completed after 1886.85 s
  - Max Score: 0.4399096619492984
  - Archive Size: 80
  - QD Score: 12.944883140809821
  - Archive Dims: [28 28]
  - Alg Time: 0.67 s
  - Sim Time: 1886.15 s
  - RAM Usage: 0.7660140991210938 GB
2026-08-05 23:38:00.984 | INFO     | __main__:run_search:432 - > 160 itrs completed after 1948.94 s
  - Max Score: 0.4399096619492984
  - Archive Size: 81
  - QD Score: 13.150337562437072
  - Archive Dims: [28 28]
  - Alg Time: 0.67 s
  - Sim Time: 1948.24 s
  - RAM Usage: 0.7660255432128906 GB
2026-08-05 23:39:00.964 | INFO     | __main__:run_search:432 - > 165 itrs completed after 2008.92 s
  - Max Score: 0.4399096619492984
  - Archive Size: 82
  - QD Score: 13.288242675112686
  - Archive Dims: [28 28]
  - Alg Time: 0.67 s
  - Sim Time: 2008.21 s
  - RAM Usage: 0.7660369873046875 GB
2026-08-05 23:39:57.934 | INFO     | __main__:run_search:432 - > 170 itrs completed after 2065.89 s
  - Max Score: 0.4399096619492984
  - Archive Size: 84
  - QD Score: 13.468493064685926
  - Archive Dims: [28 28]
  - Alg Time: 0.67 s
  - Sim Time: 2065.18 s
  - RAM Usage: 0.7660255432128906 GB
2026-08-05 23:40:57.548 | INFO     | __main__:run_search:432 - > 175 itrs completed after 2125.50 s
  - Max Score: 0.4399096619492984
  - Archive Size: 86
  - QD Score: 14.28903994502482
  - Archive Dims: [28 28]
  - Alg Time: 0.68 s
  - Sim Time: 2124.79 s
  - RAM Usage: 0.7660369873046875 GB
2026-08-05 23:41:58.892 | INFO     | __main__:run_search:432 - > 180 itrs completed after 2186.85 s
  - Max Score: 0.5319972584181083
  - Archive Size: 90
  - QD Score: 15.380931066875515
  - Archive Dims: [28 28]
  - Alg Time: 0.68 s
  - Sim Time: 2186.13 s
  - RAM Usage: 0.7660408020019531 GB
2026-08-05 23:43:01.349 | INFO     | __main__:run_search:432 - > 185 itrs completed after 2249.30 s
  - Max Score: 0.5319972584181083
  - Archive Size: 91
  - QD Score: 15.413355948156275
  - Archive Dims: [28 28]
  - Alg Time: 0.68 s
  - Sim Time: 2248.58 s
  - RAM Usage: 0.7660293579101562 GB
2026-08-05 23:44:01.381 | INFO     | __main__:run_search:432 - > 190 itrs completed after 2309.33 s
  - Max Score: 0.5319972584181083
  - Archive Size: 93
  - QD Score: 15.786038175319113
  - Archive Dims: [28 28]
  - Alg Time: 0.69 s
  - Sim Time: 2308.61 s
  - RAM Usage: 0.7660484313964844 GB
2026-08-05 23:45:02.835 | INFO     | __main__:run_search:432 - > 195 itrs completed after 2370.79 s
  - Max Score: 0.5319972584181083
  - Archive Size: 94
  - QD Score: 15.89946365336434
  - Archive Dims: [28 28]
  - Alg Time: 0.69 s
  - Sim Time: 2370.06 s
  - RAM Usage: 0.7660484313964844 GB
2026-08-05 23:46:04.740 | INFO     | __main__:run_search:432 - > 200 itrs completed after 2432.69 s
  - Max Score: 0.5319972584181083
  - Archive Size: 94
  - QD Score: 16.036842864985726
  - Archive Dims: [28 28]
  - Alg Time: 0.69 s
  - Sim Time: 2431.96 s
  - RAM Usage: 0.7660484313964844 GB
2026-08-05 23:47:04.527 | INFO     | __main__:run_search:432 - > 205 itrs completed after 2492.48 s
  - Max Score: 0.5319972584181083
  - Archive Size: 94
  - QD Score: 16.184595991631454
  - Archive Dims: [28 28]
  - Alg Time: 0.69 s
  - Sim Time: 2491.75 s
  - RAM Usage: 0.7660713195800781 GB
2026-08-05 23:48:05.457 | INFO     | __main__:run_search:432 - > 210 itrs completed after 2553.41 s
  - Max Score: 0.5319972584181083
  - Archive Size: 96
  - QD Score: 16.62442487302652
  - Archive Dims: [28 28]
  - Alg Time: 0.70 s
  - Sim Time: 2552.67 s
  - RAM Usage: 0.7660484313964844 GB
2026-08-05 23:49:06.870 | INFO     | __main__:run_search:432 - > 215 itrs completed after 2614.82 s
  - Max Score: 0.5319972584181083
  - Archive Size: 96
  - QD Score: 16.686949517449378
  - Archive Dims: [28 28]
  - Alg Time: 0.70 s
  - Sim Time: 2614.08 s
  - RAM Usage: 0.7660369873046875 GB
2026-08-05 23:50:06.916 | INFO     | __main__:run_search:432 - > 220 itrs completed after 2674.87 s
  - Max Score: 0.5319972584181083
  - Archive Size: 99
  - QD Score: 16.988534464661353
  - Archive Dims: [28 28]
  - Alg Time: 0.70 s
  - Sim Time: 2674.13 s
  - RAM Usage: 0.7660484313964844 GB
2026-08-05 23:51:09.667 | INFO     | __main__:run_search:432 - > 225 itrs completed after 2737.62 s
  - Max Score: 0.5319972584181083
  - Archive Size: 102
  - QD Score: 17.494671482265076
  - Archive Dims: [28 28]
  - Alg Time: 0.70 s
  - Sim Time: 2736.87 s
  - RAM Usage: 0.7660560607910156 GB
2026-08-05 23:52:06.996 | INFO     | __main__:run_search:432 - > 230 itrs completed after 2794.95 s
  - Max Score: 0.5319972584181083
  - Archive Size: 102
  - QD Score: 17.541305928019966
  - Archive Dims: [28 28]
  - Alg Time: 0.70 s
  - Sim Time: 2794.20 s
  - RAM Usage: 0.7660484313964844 GB
2026-08-05 23:53:09.023 | INFO     | __main__:run_search:432 - > 235 itrs completed after 2856.98 s
  - Max Score: 0.5319972584181083
  - Archive Size: 106
  - QD Score: 17.912089613327993
  - Archive Dims: [28 28]
  - Alg Time: 0.71 s
  - Sim Time: 2856.22 s
  - RAM Usage: 0.7660598754882812 GB
2026-08-05 23:54:06.419 | INFO     | __main__:run_search:432 - > 240 itrs completed after 2914.37 s
  - Max Score: 0.5319972584181083
  - Archive Size: 106
  - QD Score: 18.105169139447007
  - Archive Dims: [28 28]
  - Alg Time: 0.71 s
  - Sim Time: 2913.61 s
  - RAM Usage: 0.7660484313964844 GB
2026-08-05 23:55:07.810 | INFO     | __main__:run_search:432 - > 245 itrs completed after 2975.76 s
  - Max Score: 0.5319972584181083
  - Archive Size: 107
  - QD Score: 18.541197704458693
  - Archive Dims: [28 28]
  - Alg Time: 0.71 s
  - Sim Time: 2975.00 s
  - RAM Usage: 0.7660636901855469 GB
2026-08-05 23:56:13.021 | INFO     | __main__:run_search:432 - > 250 itrs completed after 3040.97 s
  - Max Score: 0.5319972584181083
  - Archive Size: 108
  - QD Score: 18.928918902072407
  - Archive Dims: [28 28]
  - Alg Time: 0.72 s
  - Sim Time: 3040.21 s
  - RAM Usage: 0.7660903930664062 GB
2026-08-05 23:57:16.989 | INFO     | __main__:run_search:432 - > 255 itrs completed after 3104.94 s
  - Max Score: 0.5319972584181083
  - Archive Size: 109
  - QD Score: 19.259108211368268
  - Archive Dims: [28 28]
  - Alg Time: 0.72 s
  - Sim Time: 3104.17 s
  - RAM Usage: 0.7660903930664062 GB
2026-08-05 23:58:17.641 | INFO     | __main__:run_search:432 - > 260 itrs completed after 3165.59 s
  - Max Score: 0.5319972584181083
  - Archive Size: 109
  - QD Score: 19.338536123940575
  - Archive Dims: [28 28]
  - Alg Time: 0.72 s
  - Sim Time: 3164.82 s
  - RAM Usage: 0.7660789489746094 GB
2026-08-05 23:59:19.510 | INFO     | __main__:run_search:432 - > 265 itrs completed after 3227.46 s
  - Max Score: 0.5319972584181083
  - Archive Size: 109
  - QD Score: 19.338536123940575
  - Archive Dims: [28 28]
  - Alg Time: 0.72 s
  - Sim Time: 3226.69 s
  - RAM Usage: 0.7660789489746094 GB
2026-08-06 00:00:21.610 | INFO     | __main__:run_search:432 - > 270 itrs completed after 3289.56 s
  - Max Score: 0.588793194927171
  - Archive Size: 111
  - QD Score: 19.98458477867281
  - Archive Dims: [28 28]
  - Alg Time: 0.72 s
  - Sim Time: 3288.78 s
  - RAM Usage: 0.7660942077636719 GB
2026-08-06 00:01:27.222 | INFO     | __main__:run_search:432 - > 275 itrs completed after 3355.18 s
  - Max Score: 0.588793194927171
  - Archive Size: 111
  - QD Score: 20.069458563227013
  - Archive Dims: [28 28]
  - Alg Time: 0.73 s
  - Sim Time: 3354.39 s
  - RAM Usage: 0.7661056518554688 GB
2026-08-06 00:02:33.623 | INFO     | __main__:run_search:432 - > 280 itrs completed after 3421.58 s
  - Max Score: 0.588793194927171
  - Archive Size: 111
  - QD Score: 20.27826259996119
  - Archive Dims: [28 28]
  - Alg Time: 0.73 s
  - Sim Time: 3420.79 s
  - RAM Usage: 0.7660942077636719 GB
2026-08-06 00:03:36.224 | INFO     | __main__:run_search:432 - > 285 itrs completed after 3484.18 s
  - Max Score: 0.588793194927171
  - Archive Size: 111
  - QD Score: 20.31861920200781
  - Archive Dims: [28 28]
  - Alg Time: 0.73 s
  - Sim Time: 3483.39 s
  - RAM Usage: 0.7661170959472656 GB
2026-08-06 00:04:37.296 | INFO     | __main__:run_search:432 - > 290 itrs completed after 3545.25 s
  - Max Score: 0.588793194927171
  - Archive Size: 112
  - QD Score: 20.437966125901934
  - Archive Dims: [28 28]
  - Alg Time: 0.73 s
  - Sim Time: 3544.46 s
  - RAM Usage: 0.7661476135253906 GB
2026-08-06 00:05:41.338 | INFO     | __main__:run_search:432 - > 295 itrs completed after 3609.29 s
  - Max Score: 0.588793194927171
  - Archive Size: 113
  - QD Score: 20.522736470101307
  - Archive Dims: [28 28]
  - Alg Time: 0.74 s
  - Sim Time: 3608.49 s
  - RAM Usage: 0.7661628723144531 GB
